Running Sphinx v9.1.0
loading translations [en]... done
[autosummary] generating autosummary for: citation_docs/additional_info.rst, citation_docs/appendix_a.rst, citation_docs/appendix_b.rst, citation_docs/bibliography.rst, citation_docs/glossary.rst, citation_docs/mathref_docs/mathref.rst, citation_docs/mathref_docs/quaternions.rst, codebase_docs/codebase.rst, codebase_docs/ultrasonic_code.rst, concepts_docs/communication.rst, ..., hardware_docs/zed_f9p.rst, index.rst, photo_video.rst, tutorial_docs/cmakelists.rst, tutorial_docs/launch.rst, tutorial_docs/nav2.rst, tutorial_docs/roboflock_topics.rst, tutorial_docs/tf2.rst, tutorial_docs/tutorials.rst, tutorial_docs/urdf.rst
Writing evaluated template result to /home/tstrade/School/Fall_2025/Hardware_Software_Integration/RoboFlock-Documentation/docs/build/html/_static/carousel-custom.css
building [mo]: targets for 0 po files that are out of date
writing output... 
building [html]: targets for 49 source files that are out of date
updating environment: [new config] 49 added, 0 changed, 0 removed
reading sources... [  2%] citation_docs/additional_info
reading sources... [  4%] citation_docs/appendix_a
reading sources... [  6%] citation_docs/appendix_b
reading sources... [  8%] citation_docs/bibliography
reading sources... [ 10%] citation_docs/glossary
reading sources... [ 12%] citation_docs/mathref_docs/mathref
reading sources... [ 14%] citation_docs/mathref_docs/quaternions
reading sources... [ 16%] codebase_docs/codebase
reading sources... [ 18%] codebase_docs/ultrasonic_code
reading sources... [ 20%] concepts_docs/communication
reading sources... [ 22%] concepts_docs/concepts
reading sources... [ 24%] concepts_docs/navigation
reading sources... [ 27%] concepts_docs/obstacle_detection
reading sources... [ 29%] concepts_docs/ros2
reading sources... [ 31%] construction_docs/construction
reading sources... [ 33%] construction_docs/design_overview
reading sources... [ 35%] construction_docs/subsystems/drivetrain
reading sources... [ 37%] construction_docs/subsystems/frame_and_extrusion
reading sources... [ 39%] construction_docs/subsystems/suspension
reading sources... [ 41%] construction_docs/wiring_specifications
reading sources... [ 43%] contact
reading sources... [ 45%] future_considerations
reading sources... [ 47%] getting_started_docs/getting_started
reading sources... [ 49%] getting_started_docs/gps_config
reading sources... [ 51%] getting_started_docs/install_guide
reading sources... [ 53%] getting_started_docs/jetson_config
reading sources... [ 55%] getting_started_docs/manage_usb
reading sources... [ 57%] getting_started_docs/meshtastic_config
reading sources... [ 59%] getting_started_docs/odesc
reading sources... [ 61%] getting_started_docs/visuals_setup
reading sources... [ 63%] hardware_docs/arduino
reading sources... [ 65%] hardware_docs/hardware
reading sources... [ 67%] hardware_docs/hc_12
reading sources... [ 69%] hardware_docs/hc_sr04
reading sources... [ 71%] hardware_docs/imu
reading sources... [ 73%] hardware_docs/jetson_devkit
reading sources... [ 76%] hardware_docs/max_17048
reading sources... [ 78%] hardware_docs/neo_m8p
reading sources... [ 80%] hardware_docs/rp_lidar
reading sources... [ 82%] hardware_docs/zed_f9p
reading sources... [ 84%] index
reading sources... [ 86%] photo_video
reading sources... [ 88%] tutorial_docs/cmakelists
reading sources... [ 90%] tutorial_docs/launch
reading sources... [ 92%] tutorial_docs/nav2
reading sources... [ 94%] tutorial_docs/roboflock_topics
reading sources... [ 96%] tutorial_docs/tf2
reading sources... [ 98%] tutorial_docs/tutorials
reading sources... [100%] tutorial_docs/urdf

looking for now-outdated files... none found
pickling environment... done
checking consistency... done
preparing documents... done
copying assets... 
copying static files... 
Writing evaluated template result to /home/tstrade/School/Fall_2025/Hardware_Software_Integration/RoboFlock-Documentation/docs/build/html/_static/basic.css
Writing evaluated template result to /home/tstrade/School/Fall_2025/Hardware_Software_Integration/RoboFlock-Documentation/docs/build/html/_static/documentation_options.js
Writing evaluated template result to /home/tstrade/School/Fall_2025/Hardware_Software_Integration/RoboFlock-Documentation/docs/build/html/_static/language_data.js
Writing evaluated template result to /home/tstrade/School/Fall_2025/Hardware_Software_Integration/RoboFlock-Documentation/docs/build/html/_static/js/versions.js
Writing evaluated template result to /home/tstrade/School/Fall_2025/Hardware_Software_Integration/RoboFlock-Documentation/docs/build/html/_static/copybutton.js
copying static files: done
copying extra files... 
copying extra files: done
copying assets: done
writing output... [  2%] citation_docs/additional_info
writing output... [  4%] citation_docs/appendix_a
writing output... [  6%] citation_docs/appendix_b
writing output... [  8%] citation_docs/bibliography
writing output... [ 10%] citation_docs/glossary
writing output... [ 12%] citation_docs/mathref_docs/mathref
writing output... [ 14%] citation_docs/mathref_docs/quaternions
writing output... [ 16%] codebase_docs/codebase
writing output... [ 18%] codebase_docs/ultrasonic_code
writing output... [ 20%] concepts_docs/communication
writing output... [ 22%] concepts_docs/concepts
writing output... [ 24%] concepts_docs/navigation
writing output... [ 27%] concepts_docs/obstacle_detection
writing output... [ 29%] concepts_docs/ros2
writing output... [ 31%] construction_docs/construction
writing output... [ 33%] construction_docs/design_overview
writing output... [ 35%] construction_docs/subsystems/drivetrain
writing output... [ 37%] construction_docs/subsystems/frame_and_extrusion
writing output... [ 39%] construction_docs/subsystems/suspension
writing output... [ 41%] construction_docs/wiring_specifications
writing output... [ 43%] contact
writing output... [ 45%] future_considerations
writing output... [ 47%] getting_started_docs/getting_started
writing output... [ 49%] getting_started_docs/gps_config
writing output... [ 51%] getting_started_docs/install_guide
writing output... [ 53%] getting_started_docs/jetson_config
writing output... [ 55%] getting_started_docs/manage_usb
writing output... [ 57%] getting_started_docs/meshtastic_config
writing output... [ 59%] getting_started_docs/odesc
writing output... [ 61%] getting_started_docs/visuals_setup
writing output... [ 63%] hardware_docs/arduino
writing output... [ 65%] hardware_docs/hardware
writing output... [ 67%] hardware_docs/hc_12
writing output... [ 69%] hardware_docs/hc_sr04
writing output... [ 71%] hardware_docs/imu
writing output... [ 73%] hardware_docs/jetson_devkit
writing output... [ 76%] hardware_docs/max_17048
writing output... [ 78%] hardware_docs/neo_m8p
writing output... [ 80%] hardware_docs/rp_lidar
writing output... [ 82%] hardware_docs/zed_f9p
writing output... [ 84%] index
writing output... [ 86%] photo_video
writing output... [ 88%] tutorial_docs/cmakelists
writing output... [ 90%] tutorial_docs/launch
writing output... [ 92%] tutorial_docs/nav2
writing output... [ 94%] tutorial_docs/roboflock_topics
writing output... [ 96%] tutorial_docs/tf2
writing output... [ 98%] tutorial_docs/tutorials
writing output... [100%] tutorial_docs/urdf

generating indices... genindex done
writing additional pages... search done
copying images... [  2%] _images/fig5_beacon_rover_datastream.png
copying images... [  5%] _images/fig6_ex_gps_visuals.png
copying images... [  7%] _images/fig4-2_sonar_positions.png
copying images... [  9%] _images/fig11_ros2_overview.png
copying images... [ 11%] _images/fig2-1_jetson_block_diagram.png
copying images... [ 14%] _images/fig2-2_jetson_carrier_connections.png
copying images... [ 16%] _images/fig3-2_lidar_usb_adapter.png
copying images... [ 18%] _images/fig3-1_lidar_dims.png
copying images... [ 20%] _images/fig1_finalprod_overview.png
copying images... [ 23%] _static/videos/IMG_5514.mp4
copying images... [ 25%] _static/videos/IMG_5523.mp4
copying images... [ 27%] _static/videos/IMG_5524.mp4
copying images... [ 30%] _static/videos/IMG_5713.mp4
copying images... [ 32%] _images/progress_album/IMG_5511.jpg
copying images... [ 34%] _images/progress_album/IMG_5522.jpg
copying images... [ 36%] _images/progress_album/IMG_5525.jpg
copying images... [ 39%] _images/progress_album/IMG_5531.jpg
copying images... [ 41%] _images/progress_album/IMG_5537.jpg
copying images... [ 43%] _images/progress_album/IMG_5538.jpg
copying images... [ 45%] _images/progress_album/IMG_5540.jpg
copying images... [ 48%] _images/progress_album/IMG_5545.jpg
copying images... [ 50%] _images/progress_album/IMG_5548.jpg
copying images... [ 52%] _images/progress_album/IMG_5550.jpg
copying images... [ 55%] _images/progress_album/IMG_5554.jpg
copying images... [ 57%] _images/progress_album/IMG_5565.jpg
copying images... [ 59%] _images/progress_album/IMG_5581.jpg
copying images... [ 61%] _images/progress_album/IMG_5592.jpg
copying images... [ 64%] _images/progress_album/IMG_5594.jpg
copying images... [ 66%] _images/progress_album/IMG_5595.jpg
copying images... [ 68%] _images/progress_album/IMG_5598.jpg
copying images... [ 70%] _images/progress_album/IMG_5600.jpg
copying images... [ 73%] _images/progress_album/IMG_5609.jpg
copying images... [ 75%] _images/progress_album/IMG_5708.jpg
copying images... [ 77%] _images/progress_album/IMG_5711.jpg
copying images... [ 80%] _images/progress_album/IMG_5720.jpg
copying images... [ 82%] _images/progress_album/IMG_5721.jpg
copying images... [ 84%] _images/progress_album/IMG_5723.jpg
copying images... [ 86%] _images/progress_album/IMG_5750.jpg
copying images... [ 89%] _images/progress_album/IMG_5751.jpg
copying images... [ 91%] _images/progress_album/IMG_5753.jpg
copying images... [ 93%] _images/progress_album/IMG_5754.jpg
copying images... [ 95%] _images/progress_album/IMG_5777.jpg
copying images... [ 98%] _images/progress_album/IMG_5778.jpg
copying images... [100%] _images/progress_album/IMG_5892.jpg

dumping search index in English (code: en)... done
dumping object inventory... done

====================== total reading duration ==========================
Total time reading 49 files: 0m 0.487s


====================== slowest reading durations =======================
0.036s codebase_docs/ultrasonic_code
0.036s citation_docs/mathref_docs/quaternions
0.026s photo_video
0.020s hardware_docs/jetson_devkit
0.019s citation_docs/additional_info

build succeeded.

The HTML pages are in build/html.
